﻿
> misub@2.4.0 build
> vite build

[36mvite v7.1.2 [32mbuilding for production...[36m[39m
transforming...
[32m鉁?[39m 187 modules transformed.
node.exe : [31m鉁?[39m Build failed in 1.20s
所在位置 C:\Program Files\nodejs\npm.ps1:29 字符: 3
+   & $NODE_EXE $NPM_CLI_JS $args
+   ~~~~~~~~~~~~~~~~~~~~~~~~~~~~~
    + CategoryInfo          : NotSpecified: ([31m鉁? 
   [39m Build failed in 1.20s:String) [], RemoteExc  
  eption
    + FullyQualifiedErrorId : NativeCommandError
 
[31merror during build:
[31m[vite:vue] [plugin vite:vue] src/components/feat
ures/Operators/components/FilterEditor.vue (161:45): 
Invalid end tag.[31m
file: [36mE:/Cloudflare/MiSub/src/components/feature
s/Operators/components/FilterEditor.vue:161:45[31m
SyntaxError: [plugin vite:vue] src/components/feature
s/Operators/components/FilterEditor.vue (161:45): Inv
alid end tag.
    at createCompilerError (E:\Cloudflare\MiSub\node_
modules\@vue\compiler-core\dist\compiler-core.cjs.pro
d.js:1360:17)
    at emitError (E:\Cloudflare\MiSub\node_modules\@v
ue\compiler-core\dist\compiler-core.cjs.prod.js:2922:
5)
    at Object.onclosetag (E:\Cloudflare\MiSub\node_mo
dules\@vue\compiler-core\dist\compiler-core.cjs.prod.
js:2321:9)
    at Tokenizer.stateInClosingTagName (E:\Cloudflare
\MiSub\node_modules\@vue\compiler-core\dist\compiler-
core.cjs.prod.js:785:16)
    at Tokenizer.parse (E:\Cloudflare\MiSub\node_modu
les\@vue\compiler-core\dist\compiler-core.cjs.prod.js
:1143:16)
    at Object.baseParse (E:\Cloudflare\MiSub\node_mod
ules\@vue\compiler-core\dist\compiler-core.cjs.prod.j
s:2954:13)
    at Object.parse (E:\Cloudflare\MiSub\node_modules
\@vue\compiler-dom\dist\compiler-dom.cjs.prod.js:662:
23)
    at Object.parse$1 [as parse] (E:\Cloudflare\MiSub
\node_modules\@vue\compiler-sfc\dist\compiler-sfc.cjs
.js:1801:24)
    at createDescriptor (file:///E:/Cloudflare/MiSub/
node_modules/@vitejs/plugin-vue/dist/index.js:79:42)
    at transformMain (file:///E:/Cloudflare/MiSub/nod
e_modules/@vitejs/plugin-vue/dist/index.js:1633:33)[
39m
